// Jest Snapshot v1, https://goo.gl/fbAQLP

exports[`Article List should be comprised of an ul 1`] = `
<ul
  aria-label="articles"
>
  <li>
    <h2>
      title1
    </h2>
    <h3>
      author1
    </h3>
    <p>
      description1
    </p>
  </li>
  <li>
    <h2>
      title2
    </h2>
    <h3>
      author2
    </h3>
    <p>
      description2
    </p>
  </li>
</ul>
`;
